<message>.<outcome>	-	-
<message>.<outcome>.action	string	always
<message>.<outcome>.at	timestamp	always
<message>.<outcome>.commandId	string	always
<message>.<outcome>.effect	string	always
<message>.<outcome>.homeCatalog	string	optional
<message>.<outcome>.instanceKey	number	optional
<message>.<outcome>.itemId	string	always
<message>.<outcome>.orderId	string	always
<message>.<outcome>.outcome	string	always
<message>.<outcome>.position	string	always
<message>.<outcome>.principal	string	always
<message>.<outcome>.result	json	optional
<message>.<outcome>.source	string	always
<message>.<outcome>.variantId	string	optional
atlas.entitlement.granted	-	-
atlas.entitlement.granted.homeCatalog	string	optional
atlas.entitlement.granted.itemId	string	always
atlas.entitlement.granted.orderId	string	always
atlas.entitlement.granted.origin	string	always
atlas.entitlement.granted.principal	string	always
atlas.entitlement.granted.since	timestamp	always
atlas.entitlement.granted.until	timestamp	optional
atlas.entitlement.granted.variantId	string	optional
atlas.entitlement.revoked	-	-
atlas.entitlement.revoked.endedAt	timestamp	always
atlas.entitlement.revoked.endedBy	string	always
atlas.entitlement.revoked.homeCatalog	string	optional
atlas.entitlement.revoked.itemId	string	always
atlas.entitlement.revoked.orderId	string	always
atlas.entitlement.revoked.principal	string	always
atlas.entitlement.revoked.reason	string	always
atlas.entitlement.revoked.since	timestamp	always
atlas.entitlement.revoked.variantId	string	optional
